
> top_vino@1.0.0 test
> node --experimental-vm-modules node_modules/.bin/jest --runInBand

